// Jest Snapshot v1, https://goo.gl/fbAQLP

exports[`pruebas en LoginScreen debe de hacer match con el snapshot 1`] = `""`;
